To honour the JVM settings for this build a single-use Daemon process will be forked. For more on this, please refer to https://docs.gradle.org/8.13/userguide/gradle_daemon.html#sec:disabling_the_daemon in the Gradle documentation.
Daemon will be stopped at the end of the build 
> Task :app:checkKotlinGradlePluginConfigurationErrors SKIPPED
> Task :app:preBuild UP-TO-DATE
> Task :app:preDebugBuild UP-TO-DATE
> Task :app:generateDebugBuildConfig UP-TO-DATE
> Task :app:checkDebugAarMetadata UP-TO-DATE
> Task :app:generateDebugResValues UP-TO-DATE
> Task :app:mapDebugSourceSetPaths UP-TO-DATE
> Task :app:generateDebugResources UP-TO-DATE
> Task :app:mergeDebugResources UP-TO-DATE
> Task :app:packageDebugResources UP-TO-DATE
> Task :app:parseDebugLocalResources UP-TO-DATE
> Task :app:createDebugCompatibleScreenManifests UP-TO-DATE
> Task :app:extractDeepLinksDebug UP-TO-DATE
> Task :app:processDebugMainManifest UP-TO-DATE
> Task :app:processDebugManifest UP-TO-DATE
> Task :app:processDebugManifestForPackage UP-TO-DATE
> Task :app:processDebugResources UP-TO-DATE
> Task :app:kspDebugKotlin UP-TO-DATE

> Task :app:compileDebugKotlin
./gradlew : e: file:///E:/hushaokang/Data-code/Love/app/src/main/java/c
om/empathy/ai/presentation/ui/screen/contact/ContactDetailScreen.kt:60:
48 Unresolved reference 'LoadContact'.
At line:1 char:1
+ ./gradlew compileDebugKotlin --no-daemon 2>&1 | Tee-Object -FilePath 
 ...
+ ~~~~~~~~~~~~~~~~~~~~~~~~~~~~~~~~~~~~~~~~~~~~~
    + CategoryInfo          : NotSpecified: (e: file:///E:/h... 'LoadC 
   ontact'.:String) [], RemoteException
    + FullyQualifiedErrorId : NativeCommandError
 
e: file:///E:/hushaokang/Data-code/Love/app/src/main/java/com/empathy/a
i/presentation/ui/screen/contact/ContactDetailScreen.kt:62:52 Unresolve
d reference 'LoadRelationshipData'.
e: file:///E:/hushaokang/Data-code/Love/app/src/main/java/com/empathy/a
i/presentation/ui/screen/contact/ContactDetailScreen.kt:98:73 Unresolve
d reference 'NavigateBack'.
e: file:///E:/hushaokang/Data-code/Love/app/src/main/java/com/empathy/a
i/presentation/ui/screen/contact/ContactDetailScreen.kt:107:77 Unresolv
ed reference 'StartEdit'.
e: file:///E:/hushaokang/Data-code/Love/app/src/main/java/com/empathy/a
i/presentation/ui/screen/contact/ContactDetailScreen.kt:116:70 Unresolv
ed reference 'SaveContact'.
